                     TEST CLIMATOLOGICAL SUMMARY for year 2010


NAME: TEST TEST TEST                  
ELEV: 100 meters    LAT: 45-41.16 N    LONG: 121-33.96 W


                                       TEMPERATURE (C)

                              HEAT    COOL                              MAX    MAX    MIN    MIN
          MEAN   MEAN         DEG     DEG                                >=     <=     <=     <=
 YR  MO   MAX    MIN    MEAN  DAYS    DAYS      HI  DAY     LOW  DAY     30      0      0    -20
------------------------------------------------------------------------------------------------
2010 01   -5.7  -27.8  -16.7 1087.2    0.0    -3.7   31   -28.9   01      0     31     31     31
2010 02   -0.2  -22.3  -11.3  829.3    0.0     3.6   28   -25.7   01      0     15     28     23
2010 03    9.2  -12.8   -1.8  624.3    0.0    14.8   31   -18.1   01      0      0     31      0
2010 04   20.6   -1.4    9.6  262.5    0.0    25.9   30    -6.9   01      0      0     19      0
2010 05   30.6    8.6   19.6   17.2   56.2    34.4   31     4.1   01     18      0      0      0
2010 06   36.6   14.5   25.5    0.0  216.1    37.8   30    12.5   01     30      0      0      0
2010 07   36.9   14.6   25.8    0.0  230.6    37.8   02    12.8   31     31      0      0      0
2010 08   31.3    9.0   20.1   10.9   67.2    34.9   01     4.6   31     21      0      0      0
2010 09   21.5   -0.9   10.3  239.7    0.0    26.7   01    -6.3   30      0      0     17      0
2010 10   10.1  -12.3   -1.1  601.1    0.0    15.7   01   -17.6   31      0      0     31      0
2010 11    0.2  -22.2  -11.0  879.8    0.0     4.4   01   -25.8   30      0     15     30     23
2010 12   -5.6  -27.9  -16.7 1087.2    0.0    -3.6   01   -28.9   31      0     31     31     31
------------------------------------------------------------------------------------------------
          15.6   -6.7    4.4 5639.3  570.1    37.8  Jul   -28.9  Dec    100     92    218    108


                  PRECIPITATION (mm)

                  MAX         ---DAYS OF RAIN---
                  OBS.               OVER
 YR  MO  TOTAL    DAY  DATE   0.30   3.00  30.00
------------------------------------------------
2010 01  192.3   12.4    01     16     16      0
2010 02  167.6   12.4    02     14     14      0
2010 03  192.3   15.0    27     16     16      0
2010 04  168.7   15.0    04     14     14      0
2010 05  192.5   15.0    02     16     16      0
2010 06  177.8   15.0    07     15     15      0
2010 07  182.9   15.0    13     15     15      0
2010 08  192.3   15.0    18     16     16      0
2010 09  177.0   15.0    23     15     15      0
2010 10  182.9   15.0    01     15     15      0
2010 11  192.5   15.0    02     16     16      0
2010 12  180.6   12.4    11     15     15      0
------------------------------------------------
        2199.4   15.0   Mar    183    183      0


           WIND SPEED (kph)

                                DOM
 YR  MO    AVG     HI   DATE    DIR
-----------------------------------
2010 01   16.4   38.6     02     91 
2010 02   16.1   38.6     03     90 
2010 03   16.4   38.6     03     89 
2010 04   15.4   38.6     04     90 
2010 05   16.4   38.6     02     91 
2010 06   16.1   38.6     03     85 
2010 07   15.8   38.6     01     94 
2010 08   16.4   38.6     02     91 
2010 09   16.1   38.6     03     85 
2010 10   15.8   38.6     01     94 
2010 11   16.8   38.6     02     90 
2010 12   15.8   38.6     04     86 
-----------------------------------
          16.1   38.6    Jan     90

