<!DOCTYPE HTML PUBLIC "-//W3C//DTD XHTML 1.0 Strict//EN"
"http://www.w3.org/TR/xhtml1/DTD/xhtml1-strict.dtd">
<html xmlns="http://www.w3.org/1999/xhtml">
<head profile="http://www.w3.org/2005/10/profile">
  <title>TEST: Current Weather Conditions</title>
  <style type="text/css">
  table {
    border: thin solid #000000;
  }
  td {
    border: thin solid #000000;
    padding: 2px;
  }
</style>
</head>
<body>

  <h1>Tests for tag $station</h1>
  <table>
    <tr>
      <td>Station location:</td>
      <td>TEST TEST TEST</td>
    </tr>
    <tr>
      <td align="right">Latitude:</td>
      <td align="left">45&deg; 41.16' N</td>
    </tr>
    <tr>
      <td align="right">Longitude:</td>
      <td align="left">121&deg; 33.96' W</td>
    </tr>
    <tr>
      <td align="right">Altitude (default unit):</td>
      <td align="left">100 meters</td>
    </tr>
    <tr>
      <td align="right">Altitude (feet):</td>
      <td align="left">328 feet</td>
    </tr>
    <tr>
      <td align="right">Altitude (meters):</td>
      <td align="left">100 meters</td>
    </tr>
  </table>
  
  <hr/>

  <h1>Tests for tag $current</h1>
  <table>
    <tr>
      <td>Current dateTime:</td>
      <td>03-Sep-2010 11:20</td>
    </tr>
    <tr>
      <td>Current dateTime with formatting:</td>
      <td>11:20</td>
    </tr>
    <tr>
      <td>Raw dateTime:</td>
      <td>1283538000</td>
    </tr>
    <tr>
      <td>Outside Temperature (normal formatting)</td>
      <td>10.2&#176;C</td>
    </tr>
	<tr>
	  <td>Outside Temperature (explicit unit conversion to Celsius)</td>
	  <td>10.2&#176;C</td>
	</tr>
	<tr>
	  <td>Outside Temperature (explicit unit conversion to Fahrenheit)</td>
	  <td>50.3&#176;F</td>
    </tr>
    <tr>
      <td>Outside Temperature (explicit unit conversion to Celsius, plus formatting)</td>
      <td>10.158&#176;C</td>
    </tr>
    <tr>
      <td>Outside Temperature (explicit unit conversion to Fahrenheit, plus formatting)</td>
      <td>50.284&#176;F</td>
    </tr>
	<tr>
	  <td>Outside Temperature trend (3 hrs)</td>
	  <td>5.7&#176;C</td>
    <tr>
      <td>Barometer (normal)</td>
      <td>1042.2 mbar</td>
    </tr>
	<tr>
	  <td>Barometer trend (3 hrs)</td>
	  <td>-3.6 mbar</td>
    <tr>
    <tr>
      <td>Wind Chill (normal)</td>
      <td>   N/A</td>
    </tr>
    <tr>
      <td>Heat Index (normal)</td>
      <td>   N/A</td>
    </tr>
    <tr>
      <td>Heat Index (in Celsius)</td>
      <td>   N/A</td>
    </tr>
    <tr>
      <td>Heat Index (in Fahrenheit)</td>
      <td>   N/A</td>
    </tr>
    <tr>
      <td>Dewpoint</td>
      <td>   N/A</td>
    </tr>
    <tr>
      <td>Humidity</td>
      <td>   N/A</td>
    </tr>
    <tr>
      <td>Wind</td>
      <td>29 kph from 129&#176;</td>
    </tr>
    <tr>
      <td>Rain Rate</td>
      <td>   N/A</td>
    </tr>
    <tr>
      <td>Inside Temperature</td>
      <td>   N/A</td>
    </tr>
    <tr>
      <td>Test tag "exists" for an existent type:</td>
      <td>PASS</td>
    </tr> 
    <tr>
      <td>Test tag "exists" for a nonsense type:</td>
      <td>PASS</td>
    </tr> 
    <tr>
      <td>Test tag "has_data" for existent type with no data:</td>
      <td>PASS</td>
    </tr> 
    <tr>
      <td>Test tag "has_data" for an existing type</td>
      <td>PASS</td>
  </table>

  <hr/>

  <h1>Tests for tag $day</h1>
  <table>
    <tr>
      <td>Max Temperature</td>
      <td>25.9&#176;C</td>
    </tr>
    <tr>
      <td>Min Temperature</td>
      <td>3.8&#176;C</td>
    </tr>
    <tr>
      <td>Time of max temperature:</td>
      <td>19:00</td>
    </tr>
    <tr>
      <td>Time of min temperature:</td>
      <td>07:00</td>
    </tr>
    <tr>
      <td>Min temp with explicit conversion to Celsius</td>
      <td>3.8&#176;C</td>
    </tr>
    <tr>
      <td>Min temp with explicit conversion to Fahrenheit</td>
      <td>38.8&#176;F</td>
    </tr>
    <tr>
      <td>Min temp with explicit conversion to nonsense type</td>
      <td>$day.outTemp.min.badtype</td>
    </tr>
    <tr>
      <td>Nonexistent type:</td>
      <td>   N/A</td>
    </tr>
    <tr>
      <td>Sum aggregation (rain)</td>
      <td>14.7 mm</td>
    </tr>
    <tr>
      <td>High Wind</td>
      <td>39 kph from 90&#176; at 01:00</td>
    </tr>
    <tr>
      <td>Average aggregation (wind)</td>
      <td>27 kph</td>
    </tr>
    <tr>
      <td>RMS aggregation(wind)</td>
      <td>27 kph</td>
    </tr>
    <tr>
      <td>Aggregation Vector Average (wind)</td>
      <td>24 kph</td>
    </tr>
    <tr>
      <td>Aggregation Vector Direction (wind)</td>
      <td>127&#176;</td>
    </tr>
    <tr>
      <td>Test tag "has_data" with nonsense type</td>
      <td>PASS</td>
    </tr>
    <tr>
      <td>Test tag "exists" with an existing type that has no data</td>
      <td>PASS</td>
    </tr>
    <tr>
      <td>Test tag "has_data" with existent type that has no data</td>
      <td>PASS</td>
    </tr>
    <tr>
      <td>Test tag "has_data" with existent type that has data</td>
      <td>PASS</td>
    </tr>
  </table>

  <hr/>
  
  <h1>Tests for tag $rainyear</h1>
  <table>
    <tr>
      <td>Rainyear total</td>
      <td>2199.4 mm</td>
    <tr>
  </table>
    
  <hr/>

  <h1>Tests for tag $Extras</h1>
  <table>
    <tr>
      <td>Radar URL</td>
      <td>&quot;http://radar.weather.gov/ridge/lite/N0R/RTX_loop.gif&quot;</td>
    </tr>
  </table>

  <hr/>

  <h1>Tests for tag $almanac</h1>
  <table>
    <tr>
      <td align="right">Sunrise:</td>
      <td align="left">06:29</td>
    </tr>
    <tr>
      <td align="right">Sunset:</td>
      <td align="left">19:40</td>
    </tr>
    <tr>
       <td align="right">Moon:</td>
       <td align="left">Last quarter (29%full)</td>
    </tr>
  </table>
  
  <hr/>

  <h1>Test for tag $unit</h1>
  <table>
    <tr>
      <td align="right">Tag &quot;$unit.unit_type.outTemp&quot;</td>
      <td align="left">degree_C</td>
    </tr>
    <tr>
      <td align="right">Tag &quot;$unit.label.outTemp&quot;</td>
      <td align="left">&#176;C</td>
    </tr>
    <tr>
      <td align="right">Tag &quot;$unit.format.outTemp&quot;</td>
      <td align="left">%.1f</td>
    </tr>
    <tr>
      <td align="right">Example from customizing guide<br/>
      (&quot;$day.outTemp.max.formatted$unit.label.outTemp&quot;)</td>
      <td align="left">25.9&#176;C</td>
    </tr>
    

  </table>
  
  <hr/>
  
  <h1>Day images</h1>
  <img src="daytempdew.png" alt="temperatures" />
  <img src="daytempchill.png" alt="heatchill" /> 
  <img src="dayrain.png" alt="rain" />
  <img src="daywind.png" alt="wind" />
  <img src="daybarometer.png" alt="barometer"/>
  <img src="daywinddir.png" alt="Hi Wind" />
  <img src="dayinside.png"  alt="Inside" /> 
  <img src="daywindvec.png" alt="Wind Vector" />
  <img src="dayrx.png" alt="day rx percent"/>
    (No image for extraTemp1)

  <hr/>

</body>

</html>

